// Jest Snapshot v1, https://goo.gl/fbAQLP

exports[`Loader - ui component renders correctly 1`] = `
<div>
  Loading...
</div>
`;
