// Jest Snapshot v1, https://goo.gl/fbAQLP

exports[`ErrorBoundary - error catch component renders correctly 1`] = `null`;
