// Jest Snapshot v1, https://goo.gl/fbAQLP

exports[`FormErrors - ui component renders correctly 1`] = `
<div
  className="fb-form-errors"
>
  <p>
    errorOne
  </p>
  <p>
    errorTwo
  </p>
</div>
`;
