// Jest Snapshot v1, https://goo.gl/fbAQLP

exports[`YandexMap - map component renders correctly 1`] = `
<div
  className="google-map"
/>
`;
