// Jest Snapshot v1, https://goo.gl/fbAQLP

exports[`App - root component renders correctly 1`] = `
<main>
  <div
    className="app__aside"
  >
    <div />
  </div>
  <div
    className="app__map"
  >
    <div />
  </div>
</main>
`;
